≡ƒÜÇ Otomasyon ba┼ƒlat─▒l─▒yor...

Γ£à Workflow ba┼ƒlad─▒: workflow-1766397298804

≡ƒôè Status takibi ba┼ƒl─▒yor...

======================================================================
[12:55:00] {'timestamp': '2025-12-22T09:54:58.869Z', 'source': 'ORCHESTRATOR', 'level': 'INFO', 'message': '1 senaryo 1 e┼ƒ zamanl─▒ browser ile ├ºal─▒┼ƒt─▒r─▒lacak'}
[12:55:00] {'timestamp': '2025-12-22T09:54:58.869Z', 'source': 'ORCHESTRATOR', 'level': 'INFO', 'message': 'Element ke┼ƒfi ba┼ƒlat─▒l─▒yor: Calculate Loan Amount with 150000 and Duration of 3 Months'}
[12:55:32] {'timestamp': '2025-12-22T09:55:31.877Z', 'source': 'ORCHESTRATOR', 'level': 'INFO', 'message': 'Script olu┼ƒturuluyor: Calculate Loan Amount with 150000 and Duration of 3 Months'}
[12:55:32] {'timestamp': '2025-12-22T09:55:31.928Z', 'source': 'ORCHESTRATOR', 'level': 'INFO', 'message': 'Script olu┼ƒturuluyor: Calculate Loan Amount with 150000 and Duration of 3 Months'}
[12:55:32] {'timestamp': '2025-12-22T09:55:31.976Z', 'source': 'ORCHESTRATOR', 'level': 'WARNING', 'message': 'ΓÜá∩╕Å Senaryo i├ºin script olu┼ƒturulamad─▒: Calculate Loan Amount with 150000 and Duration of 3 Months'}

======================================================================
≡ƒÅü Status: COMPLETED
Γ£à Otomasyon tamamland─▒!

≡ƒôê Test Sonu├ºlar─▒:
  - Calculate Loan Amount with 150000 and Duration of 3 Months: SKIPPED
======================================================================

